---
source: src/parser/mod.rs
assertion_line: 72
expression: "format_pair(pair.unwrap(), 0, true)"
---
- program
  - statement > assignment_statement
    - variable: "a"
    - colon: ":"
    - expression > unary_expression > simple_expression > literal > number: "4"
  - statement > expression > unary_expression > simple_expression > function_call
    - single_name_part: "show"
    - expression > unary_expression > simple_expression > variable: "a"
  - statement > expression > unary_expression > simple_expression > function_call
    - single_name_part: "new"
    - single_name_part: "line"
  - EOI: ""
