---
source: src/parser/mod.rs
assertion_line: 72
expression: "format_pair(&pair.unwrap(), 0, true)"
---
- program
  - statement > assignment_statement
    - variable: "list"
    - colon: ":"
    - expression > unary_expression > simple_expression > function_call
      - literal > number: "1"
      - single_name_part: "to"
      - literal > number: "10"
  - statement > expression > unary_expression > simple_expression > function_call
    - single_name_part: "showline"
    - expression > unary_expression > simple_expression > variable: "list"
  - statement > expression > unary_expression > simple_expression > function_call
    - single_name_part: "showline"
    - expression > unary_expression > simple_expression > function_call
      - literal > number: "10"
      - single_name_part: "to"
      - literal > number: "-5"
  - statement > expression > unary_expression > simple_expression > function_call
    - single_name_part: "showline"
    - literal > list
      - list_item > expression > unary_expression > simple_expression > literal > string: "\"The range is \""
      - list_item > expression > unary_expression > simple_expression > function_call
        - literal > number: "1"
        - single_name_part: "to"
        - literal > number: "20"
  - EOI: ""
