---
source: src/parser/mod.rs
assertion_line: 72
expression: "format_pair(&pair.unwrap(), 0, true)"
---
- program
  - function_definition
    - function_signature
      - name_paren > paren > single_name_part: "n"
      - name_paren > name_part > name_list > single_name_part: "!"
    - colon: ":"
    - function_statements
      - statement > expression > unary_expression > simple_expression > function_call
        - single_name_part: "if"
        - expression > binary_expression
          - unary_expression > simple_expression > variable: "n"
          - operator: "="
          - expression > unary_expression > simple_expression > literal > number: "0"
        - newindent_block > statement > return_statement > expression > unary_expression > simple_expression > literal > number: "1"
      - statement > expression > binary_expression
        - unary_expression > simple_expression > variable: "n"
        - operator: "Ã—"
        - expression > unary_expression > simple_expression > function_call
          - expression > binary_expression
            - unary_expression > simple_expression > variable: "n"
            - operator: "-"
            - expression > unary_expression > simple_expression > literal > number: "1"
          - single_name_part: "!"
  - function_definition
    - function_signature
      - name_paren > paren > single_name_part: "start"
      - name_paren > name_part > name_list > single_name_part: "..."
      - name_paren > paren > single_name_part: "finish"
    - colon: ":"
    - function_statements > statement > expression > unary_expression > simple_expression > function_call
      - expression > unary_expression > simple_expression > variable: "start"
      - single_name_part: "to"
      - expression > unary_expression > simple_expression > variable: "finish"
  - statement > assignment_statement
    - variable: "range"
    - colon: ":"
    - expression > unary_expression > simple_expression > function_call
      - literal > number: "1"
      - single_name_part: "..."
      - literal > number: "10"
  - statement > expression > unary_expression > simple_expression > function_call
    - single_name_part: "start"
    - expression > unary_expression > simple_expression > variable: "range"
  - statement > expression > unary_expression > simple_expression > function_call
    - single_name_part: "showline"
    - literal > string: "\"started ok\""
  - statement > expression > unary_expression > simple_expression > function_call
    - single_name_part: "showline"
    - expression > unary_expression > simple_expression > function_call
      - single_name_part: "next"
      - expression > unary_expression > simple_expression > variable: "range"
  - statement > expression > unary_expression > simple_expression > function_call
    - single_name_part: "showline"
    - expression > unary_expression > simple_expression > function_call
      - single_name_part: "end"
      - single_name_part: "of"
      - expression > unary_expression > simple_expression > variable: "range"
  - statement > expression > unary_expression > simple_expression > function_call
    - single_name_part: "for"
    - single_name_part: "each"
    - expression > unary_expression > simple_expression > variable: "n"
    - single_name_part: "in"
    - expression > unary_expression > simple_expression > function_call
      - literal > number: "1"
      - single_name_part: "..."
      - literal > number: "4"
    - newindent_block > statement > expression > unary_expression > simple_expression > function_call
      - single_name_part: "showline"
      - literal > list
        - list_item > expression > unary_expression > simple_expression > variable: "n"
        - list_item > expression > unary_expression > simple_expression > literal > string: "\"! = \""
        - list_item > expression > unary_expression > simple_expression > function_call
          - expression > unary_expression > simple_expression > variable: "n"
          - single_name_part: "!"
  - EOI: ""
