---
source: src/HIR.rs
assertion_line: 1314
expression: ast
---
Program {
    functions: {},
    main: [
        Expression(
            Unary(
                FunctionCall {
                    function: FunctionCall {
                        name: [
                            RefCell {
                                value: Name {
                                    name: Span {
                                        str: "show",
                                        start: 0,
                                        end: 4,
                                    },
                                },
                            },
                            RefCell {
                                value: Expression(
                                    Unary(
                                        Literal(
                                            String(
                                                "Hello world!",
                                            ),
                                        ),
                                    ),
                                ),
                            },
                        ],
                        id: RefCell {
                            value: None,
                        },
                        span: Span {
                            str: "show \"Hello world!\"",
                            start: 0,
                            end: 19,
                        },
                    },
                },
            ),
        ),
        Expression(
            Unary(
                FunctionCall {
                    function: FunctionCall {
                        name: [
                            RefCell {
                                value: Name {
                                    name: Span {
                                        str: "new",
                                        start: 21,
                                        end: 24,
                                    },
                                },
                            },
                            RefCell {
                                value: Name {
                                    name: Span {
                                        str: "line",
                                        start: 25,
                                        end: 29,
                                    },
                                },
                            },
                        ],
                        id: RefCell {
                            value: None,
                        },
                        span: Span {
                            str: "new line ",
                            start: 21,
                            end: 30,
                        },
                    },
                },
            ),
        ),
    ],
    global_scope: {},
}
